// Jest Snapshot v1, https://goo.gl/fbAQLP

exports[`should take a snapshot of App 1`] = `
<DocumentFragment>
  <div>
    Landing Page
  </div>
</DocumentFragment>
`;
