// Jest Snapshot v1, https://goo.gl/fbAQLP

exports[`should take a snapshot of App 1`] = `
<DocumentFragment>
  <div
    class="css-0"
  >
    <form>
      <input
        placeholder="Search for product"
        value=""
      />
    </form>
  </div>
  <section />
</DocumentFragment>
`;
